Microchip MPLAB XC8 Compiler V2.20

Linker command line:

-W-3 --edf=C:\Program Files\Microchip\xc8\v2.20\pic\dat\en_msgs.txt -cn \
  -h+dist/default/production\LPS33MK1v2.0.X.production.sym \
  --cmf=dist/default/production\LPS33MK1v2.0.X.production.cmf -z -Q18F46K20 \
  -oC:\Users\Torben\AppData\Local\Temp\sf7g.2 --defsym=__MPLAB_BUILD=1 \
  -Mdist/default/production/LPS33MK1v2.0.X.production.map -E1 \
  -ver=XC8 Compiler --acfsm=1493 -ASTACK=018Fh-0F5Fh -pstack=STACK \
  -ACODE=00h-0FFFFh -ACONST=00h-0FFFFh -ASMALLCONST=01000h-010FFhx240 \
  -AMEDIUMCONST=01000h-0FFFFh -ACOMRAM=01h-05Fh -AABS1=00h-0F5Fh \
  -ABIGRAM=01h-0F5Fh -ARAM=060h-0FFh,0100h-01FFhx14,0F00h-0F5Fh \
  -ABANK0=060h-0FFh -ABANK1=0100h-01FFh -ABANK2=0200h-02FFh \
  -ABANK3=0300h-03FFh -ABANK4=0400h-04FFh -ABANK5=0500h-05FFh \
  -ABANK6=0600h-06FFh -ABANK7=0700h-07FFh -ABANK8=0800h-08FFh \
  -ABANK9=0900h-09FFh -ABANK10=0A00h-0AFFh -ABANK11=0B00h-0BFFh \
  -ABANK12=0C00h-0CFFh -ABANK13=0D00h-0DFFh -ABANK14=0E00h-0EFFh \
  -ABANK15=0F00h-0F5Fh -ASFR=0F60h-0FFFh -ACONFIG=0300000h-030000Dh \
  -AIDLOC=0200000h-0200007h \
  -preset_vec=00h,intcode=08h,intcodelo,powerup,init -pramtop=01000h \
  -psmallconst=SMALLCONST -pmediumconst=MEDIUMCONST -pconst=CONST \
  -AFARRAM=00h-00h -AEEDATA=0F00000h-0F003FFh -peeprom_data=EEDATA \
  -prdata=COMRAM,nvrram=COMRAM,nvbit=COMRAM,rbss=COMRAM,rbit=COMRAM \
  -pfarbss=FARRAM,fardata=FARRAM,nvFARRAM=FARRAM \
  -pintsave_regs=BIGRAM,bigbss=BIGRAM,bigdata=BIGRAM -pbss=RAM \
  -pidata=CODE,irdata=CODE,ibigdata=CODE,ifardata=CODE -prparam=COMRAM \
  C:\Users\Torben\AppData\Local\Temp\sf7g.o \
  dist/default/production\LPS33MK1v2.0.X.production.o 

Object code version is 3.11

Machine type is 18F46K20



                Name                               Link     Load   Length Selector   Space Scale
C:\Users\Torben\AppData\Local\Temp\sf7g.o
                idloc                            200000   200000        8        0       5
                config                           300000   300000        E        0       4
                init                                 B0       B0        4        4       0
                reset_vec                             0        0        4        0       0
dist/default/production\LPS33MK1v2.0.X.production.o
                intcode                               8        8       A8        4       0
                idloc                            200000   200000        8        0       5
                config                           300000   300000        E        0       4
                temp                                 5B       5B        1        1       1
                smallconst                         1000     1000       4C      800       0
                text99                             4830     4830       2A      826       0
                text98                             4A6E     4A6E        6      826       0
                text97                             4AA4     4AA4        2      826       0
                text96                             4A68     4A68        6      826       0
                text95                             3BF4     3BF4       C0      826       0
                text94                             4596     4596       42      826       0
                text92                             4AA0     4AA0        4      826       0
                text91                             4A9C     4A9C        4      826       0
                text90                             4A98     4A98        4      826       0
                text89                             4804     4804       2C      826       0
                text88                             4A94     4A94        4      826       0
                text87                             4A90     4A90        4      826       0
                text86                             4A8C     4A8C        4      826       0
                text85                             48A8     48A8       24      826       0
                text84                             4054     4054       7A      826       0
                text83                             4924     4924       18      826       0
                text82                             47D8     47D8       2C      826       0
                text81                             47AC     47AC       2C      826       0
                text80                             4780     4780       2C      826       0
                text79                             4754     4754       2C      826       0
                text78                             45D8     45D8       40      826       0
                text77                             4A88     4A88        4      826       0
                text76                             4A84     4A84        4      826       0
                text75                             4A80     4A80        4      826       0
                text74                             4A62     4A62        6      826       0
                text73                             4A7C     4A7C        4      826       0
                text72                             4A5C     4A5C        6      826       0
                text71                             4A54     4A54        8      826       0
                text70                             4966     4966       14      826       0
                text69                             4A78     4A78        4      826       0
                text68                             3FD8     3FD8       7C      826       0
                text67                             49C2     49C2        C      826       0
                text66                             499A     499A       10      826       0
                text65                             498A     498A       10      826       0
                text64                             3A6E     3A6E       C4      826       0
                text63                             3E0E     3E0E       A6      826       0
                text62                             49B6     49B6        C      826       0
                text61                             4A4C     4A4C        8      826       0
                text60                             4A44     4A44        8      826       0
                text59                             4A3C     4A3C        8      826       0
                text58                             4A34     4A34        8      826       0
                text57                             4A2C     4A2C        8      826       0
                text56                             4A24     4A24        8      826       0
                text55                             4A1C     4A1C        8      826       0
                text54                             49AA     49AA        C      826       0
                text53                             4296     4296       66      826       0
                text52                             41B8     41B8       70      826       0
                text51                             497A     497A       10      826       0
                text50                             48EE     48EE       1E      826       0
                text49                             4552     4552       44      826       0
                text48                             4A14     4A14        8      826       0
                text47                             48CC     48CC       22      826       0
                text46                             3F4A     3F4A       8E      826       0
                text45                             490C     490C       18      826       0
                text44                             4144     4144       74      826       0
                text43                             4228     4228       6E      826       0
                text42                             4A0A     4A0A        A      826       0
                text41                             4A00     4A00        A      826       0
                text40                             49F6     49F6        A      826       0
                text39                             49EC     49EC        A      826       0
                text38                             49E2     49E2        A      826       0
                text37                             40CE     40CE       76      826       0
                text36                             4952     4952       14      826       0
                text35                             4A74     4A74        4      826       0
                text34                             49D8     49D8        A      826       0
                text33                             46F6     46F6       30      826       0
                text32                             493C     493C       16      826       0
                text31                             3278     3278      1B4      826       0
                text30                             4882     4882       26      826       0
                text29                             4688     4688       38      826       0
                text28                             4476     4476       52      826       0
                text27                             342C     342C      19A      826       0
                text26                             39AA     39AA       C4      826       0
                text25                             3CB4     3CB4       B0      826       0
                text24                             2AE2     2AE2      39A      826       0
                text23                             3D64     3D64       AA      826       0
                text22                             36CC     36CC      104      826       0
                text21                             26B8     26B8      42A      826       0
                text20                             4650     4650       38      826       0
                text19                             21F8     21F8      4C0      826       0
                text18                             44C8     44C8       46      826       0
                text17                             35C6     35C6      106      826       0
                text16                             37D0     37D0       FE      826       0
                text15                             2E7C     2E7C      212      826       0
                text14                             441E     441E       58      826       0
                text13                             49CE     49CE        A      826       0
                text12                             3EB4     3EB4       96      826       0
                text11                             450E     450E       44      826       0
                text10                             46C0     46C0       36      826       0
                text9                              3B32     3B32       C2      826       0
                text8                              43C0     43C0       5E      826       0
                text7                              4618     4618       38      826       0
                text6                              4360     4360       60      826       0
                text5                              104C     104C      C00      826       0
                text4                              38CE     38CE       DC      826       0
                text3                              1C4C     1C4C      5AC      826       0
                text2                              42FC     42FC       64      826       0
                text1                              485A     485A       28      826       0
                text0                              308E     308E      1EA      826       0
                cstackCOMRAM                          1        1       53        1       1
                cstackBANK0                          60       60       66       60       1
                cstackBANK1                         174      174       13      100       1
                bssBANK1                            100      100       74      100       1
                bssBANK0                             C6       C6       27       60       1
                bssCOMRAM                            54       54        7        1       1
                cinit                              4726     4726       2E      826       0
                nvBANK1                             187      187        8      100       1
                nvBANK0                              ED       ED        3       60       1

TOTAL           Name                               Link     Load   Length     Space
        CLASS   STACK          

        CLASS   CODE           
                intcode                               8        8       A8         0
                init                                 B0       B0        4         0
                reset_vec                             0        0        4         0
                text99                             4830     4830       2A         0
                text98                             4A6E     4A6E        6         0
                text97                             4AA4     4AA4        2         0
                text96                             4A68     4A68        6         0
                text95                             3BF4     3BF4       C0         0
                text94                             4596     4596       42         0
                text92                             4AA0     4AA0        4         0
                text91                             4A9C     4A9C        4         0
                text90                             4A98     4A98        4         0
                text89                             4804     4804       2C         0
                text88                             4A94     4A94        4         0
                text87                             4A90     4A90        4         0
                text86                             4A8C     4A8C        4         0
                text85                             48A8     48A8       24         0
                text84                             4054     4054       7A         0
                text83                             4924     4924       18         0
                text82                             47D8     47D8       2C         0
                text81                             47AC     47AC       2C         0
                text80                             4780     4780       2C         0
                text79                             4754     4754       2C         0
                text78                             45D8     45D8       40         0
                text77                             4A88     4A88        4         0
                text76                             4A84     4A84        4         0
                text75                             4A80     4A80        4         0
                text74                             4A62     4A62        6         0
                text73                             4A7C     4A7C        4         0
                text72                             4A5C     4A5C        6         0
                text71                             4A54     4A54        8         0
                text70                             4966     4966       14         0
                text69                             4A78     4A78        4         0
                text68                             3FD8     3FD8       7C         0
                text67                             49C2     49C2        C         0
                text66                             499A     499A       10         0
                text65                             498A     498A       10         0
                text64                             3A6E     3A6E       C4         0
                text63                             3E0E     3E0E       A6         0
                text62                             49B6     49B6        C         0
                text61                             4A4C     4A4C        8         0
                text60                             4A44     4A44        8         0
                text59                             4A3C     4A3C        8         0
                text58                             4A34     4A34        8         0
                text57                             4A2C     4A2C        8         0
                text56                             4A24     4A24        8         0
                text55                             4A1C     4A1C        8         0
                text54                             49AA     49AA        C         0
                text53                             4296     4296       66         0
                text52                             41B8     41B8       70         0
                text51                             497A     497A       10         0
                text50                             48EE     48EE       1E         0
                text49                             4552     4552       44         0
                text48                             4A14     4A14        8         0
                text47                             48CC     48CC       22         0
                text46                             3F4A     3F4A       8E         0
                text45                             490C     490C       18         0
                text44                             4144     4144       74         0
                text43                             4228     4228       6E         0
                text42                             4A0A     4A0A        A         0
                text41                             4A00     4A00        A         0
                text40                             49F6     49F6        A         0
                text39                             49EC     49EC        A         0
                text38                             49E2     49E2        A         0
                text37                             40CE     40CE       76         0
                text36                             4952     4952       14         0
                text35                             4A74     4A74        4         0
                text34                             49D8     49D8        A         0
                text33                             46F6     46F6       30         0
                text32                             493C     493C       16         0
                text31                             3278     3278      1B4         0
                text30                             4882     4882       26         0
                text29                             4688     4688       38         0
                text28                             4476     4476       52         0
                text27                             342C     342C      19A         0
                text26                             39AA     39AA       C4         0
                text25                             3CB4     3CB4       B0         0
                text24                             2AE2     2AE2      39A         0
                text23                             3D64     3D64       AA         0
                text22                             36CC     36CC      104         0
                text21                             26B8     26B8      42A         0
                text20                             4650     4650       38         0
                text19                             21F8     21F8      4C0         0
                text18                             44C8     44C8       46         0
                text17                             35C6     35C6      106         0
                text16                             37D0     37D0       FE         0
                text15                             2E7C     2E7C      212         0
                text14                             441E     441E       58         0
                text13                             49CE     49CE        A         0
                text12                             3EB4     3EB4       96         0
                text11                             450E     450E       44         0
                text10                             46C0     46C0       36         0
                text9                              3B32     3B32       C2         0
                text8                              43C0     43C0       5E         0
                text7                              4618     4618       38         0
                text6                              4360     4360       60         0
                text5                              104C     104C      C00         0
                text4                              38CE     38CE       DC         0
                text3                              1C4C     1C4C      5AC         0
                text2                              42FC     42FC       64         0
                text1                              485A     485A       28         0
                text0                              308E     308E      1EA         0
                cinit                              4726     4726       2E         0

        CLASS   CONST          

        CLASS   SMALLCONST     
                smallconst                         1000     1000       4C         0

        CLASS   MEDIUMCONST    

        CLASS   COMRAM         
                temp                                 5B       5B        1         1
                cstackCOMRAM                          1        1       53         1
                bssCOMRAM                            54       54        7         1

        CLASS   ABS1           

        CLASS   BIGRAM         

        CLASS   RAM            

        CLASS   BANK0          
                cstackBANK0                          60       60       66         1
                bssBANK0                             C6       C6       27         1
                nvBANK0                              ED       ED        3         1

        CLASS   BANK1          
                cstackBANK1                         174      174       13         1
                bssBANK1                            100      100       74         1
                nvBANK1                             187      187        8         1

        CLASS   BANK2          

        CLASS   BANK3          

        CLASS   BANK4          

        CLASS   BANK5          

        CLASS   BANK6          

        CLASS   BANK7          

        CLASS   BANK8          

        CLASS   BANK9          

        CLASS   BANK10         

        CLASS   BANK11         

        CLASS   BANK12         

        CLASS   BANK13         

        CLASS   BANK14         

        CLASS   BANK15         

        CLASS   SFR            

        CLASS   CONFIG         
                config                           300000   300000        E         4

        CLASS   IDLOC          
                idloc                            200000   200000        8         5

        CLASS   FARRAM         

        CLASS   EEDATA         



SEGMENTS        Name                           Load    Length   Top    Selector   Space  Class

                reset_vec                      000000  000004  000004         0       0  CODE    
                cstackCOMRAM                   000001  00005B  00005C         1       1  COMRAM  
                intcode                        000008  0000AC  0000B4         4       0  CODE    
                cstackBANK0                    000060  000090  0000F0        60       1  BANK0   
                bssBANK1                       000100  00008F  00018F       100       1  BANK1   
                smallconst                     001000  00004C  00104C       800       0  SMALLCON
                text5                          00104C  003A5A  004AA6       826       0  CODE    


UNUSED ADDRESS RANGES

        Name                Unused          Largest block    Delta
        BANK0            0000F0-0000FF               10
        BANK1            00018F-0001FF               71
        BANK10           000A00-000AFF              100
        BANK11           000B00-000BFF              100
        BANK12           000C00-000CFF              100
        BANK13           000D00-000DFF              100
        BANK14           000E00-000EFF              100
        BANK15           000F00-000F5F               60
        BANK2            000200-0002FF              100
        BANK3            000300-0003FF              100
        BANK4            000400-0004FF              100
        BANK5            000500-0005FF              100
        BANK6            000600-0006FF              100
        BANK7            000700-0007FF              100
        BANK8            000800-0008FF              100
        BANK9            000900-0009FF              100
        BIGRAM           00005C-00005F                4
                         0000F0-0000FF               10
                         00018F-000F5F              DD1
        CODE             000004-000007                4
                         0000B4-000FFF              F4C
                         004AA6-00FFFF             B55A
        COMRAM           00005C-00005F                4
        CONST            000004-000007                4
                         0000B4-000FFF              F4C
                         004AA6-00FFFF             B55A
        EEDATA           F00000-F003FF              400
        MEDIUMCONST      004AA6-00FFFF             B55A
        RAM              0000F0-0000FF               10
                         00018F-000F5F              100
        SFR              000F60-000FFF               A0
        SMALLCONST       004AA6-00FFFF              100
        STACK            00018F-000F5F              DD1

                                  Symbol Table

?___awdiv                                      cstackCOMRAM 000005
?___awmod                                      cstackCOMRAM 000005
?___fladd                                      cstackCOMRAM 000005
?___fldiv                                      cstackCOMRAM 000013
?___flmul                                      cstackCOMRAM 000005
?___flneg                                      cstackCOMRAM 000005
?___flsub                                      cstackCOMRAM 00001E
?___fltol                                      cstackCOMRAM 000005
?___fpclassifyf                                cstackCOMRAM 000005
?___wmul                                       cstackCOMRAM 000005
?___xxtofl                                     cstackCOMRAM 000005
?_atoi                                         cstackCOMRAM 00000C
?_efgtoa                                       cstackCOMRAM 000040
?_floorf                                       cstackCOMRAM 00002C
?_isdigit                                      cstackCOMRAM 000005
?_isspace                                      cstackCOMRAM 000005
?_isupper                                      cstackCOMRAM 000005
?_pad                                          cstackCOMRAM 000017
?_printf                                       cstackBANK0  0000B0
?_strlen                                       cstackCOMRAM 000005
?_strncmp                                      cstackCOMRAM 000005
?_tolower                                      cstackCOMRAM 00000B
?_vfpfcnvrt                                    cstackCOMRAM 00004C
?_vfprintf                                     cstackBANK0  0000AA
EUSART_SetErrorHandler@interruptHandler        cstackCOMRAM 000005
EUSART_SetFramingErrorHandler@interruptHandler cstackCOMRAM 000005
EUSART_SetOverrunErrorHandler@interruptHandler cstackCOMRAM 000005
EUSART_SetRxInterruptHandler@interruptHandler  cstackCOMRAM 000005
EUSART_SetTxInterruptHandler@interruptHandler  cstackCOMRAM 000005
EUSART_Write@txData                            cstackCOMRAM 000005
I2C_CallbackReturnReset@funPtr                 cstackCOMRAM 00000E
I2C_Close@returnValue                          cstackCOMRAM 000005
I2C_MasterOperation@read                       cstackCOMRAM 000014
I2C_MasterOperation@returnValue                cstackCOMRAM 000015
I2C_MasterSendTxData@data                      cstackCOMRAM 000005
I2C_Open@address                               cstackCOMRAM 000005
I2C_Open@returnValue                           cstackCOMRAM 000006
I2C_Read1ByteRegister@address                  cstackCOMRAM 000017
I2C_Read1ByteRegister@reg                      cstackCOMRAM 000016
I2C_Read1ByteRegister@returnValue              cstackCOMRAM 000018
I2C_SetAddressNackCallback@cb                  cstackCOMRAM 00000A
I2C_SetAddressNackCallback@ptr                 cstackCOMRAM 00000C
I2C_SetBuffer@buffer                           cstackCOMRAM 000005
I2C_SetBuffer@bufferSize                       cstackCOMRAM 000007
I2C_SetCallback@cb                             cstackCOMRAM 000005
I2C_SetCallback@idx                            cstackCOMRAM 000009
I2C_SetCallback@ptr                            cstackCOMRAM 000007
I2C_SetDataCompleteCallback@cb                 cstackCOMRAM 00000A
I2C_SetDataCompleteCallback@ptr                cstackCOMRAM 00000C
I2C_Write1ByteRegister@address                 cstackCOMRAM 000018
I2C_Write1ByteRegister@data                    cstackCOMRAM 000017
I2C_Write1ByteRegister@reg                     cstackCOMRAM 000016
_ANSEL                                         (abs)        000F7E
_ANSELH                                        (abs)        000F7F
_BAUDCON                                       (abs)        000FB8
_EUSART_DefaultErrorHandler                    text98       004A6E
_EUSART_DefaultFramingErrorHandler             text97       004AA4
_EUSART_DefaultOverrunErrorHandler             text96       004A68
_EUSART_ErrorHandler                           nvBANK1      000187
_EUSART_FramingErrorHandler                    nvBANK1      00018B
_EUSART_Initialize                             text37       0040CE
_EUSART_OverrunErrorHandler                    nvBANK1      000189
_EUSART_Receive_ISR                            text95       003BF4
_EUSART_RxDataHandler                          text99       004830
_EUSART_RxDefaultInterruptHandler              nvBANK1      00018D
_EUSART_SetErrorHandler                        text42       004A0A
_EUSART_SetFramingErrorHandler                 text41       004A00
_EUSART_SetOverrunErrorHandler                 text40       0049F6
_EUSART_SetRxInterruptHandler                  text39       0049EC
_EUSART_SetTxInterruptHandler                  text38       0049E2
_EUSART_Transmit_ISR                           text94       004596
_EUSART_TxDefaultInterruptHandler              nvBANK0      0000ED
_EUSART_Write                                  text14       00441E
_I2C_CallbackReturnReset                       text76       004A84
_I2C_CallbackReturnStop                        text77       004A88
_I2C_Close                                     text89       004804
_I2C_DO_ADDRESS_NACK                           text53       004296
_I2C_DO_IDLE                                   text67       0049C2
_I2C_DO_RCEN                                   text62       0049B6
_I2C_DO_RESET                                  text54       0049AA
_I2C_DO_RX                                     text63       003E0E
_I2C_DO_RX_ACK                                 text57       004A2C
_I2C_DO_RX_NACK_RESTART                        text55       004A1C
_I2C_DO_RX_NACK_STOP                           text56       004A24
_I2C_DO_SEND_ADR_READ                          text66       00499A
_I2C_DO_SEND_ADR_WRITE                         text65       00498A
_I2C_DO_SEND_RESTART                           text59       004A3C
_I2C_DO_SEND_RESTART_READ                      text61       004A4C
_I2C_DO_SEND_RESTART_WRITE                     text60       004A44
_I2C_DO_SEND_STOP                              text58       004A34
_I2C_DO_TX                                     text64       003A6E
_I2C_DO_TX_EMPTY                               text68       003FD8
_I2C_Initialize                                text36       004952
_I2C_MasterClearIrq                            text92       004AA0
_I2C_MasterClose                               text91       004A9C
_I2C_MasterDisableIrq                          text90       004A98
_I2C_MasterEnableRestart                       text87       004A90
_I2C_MasterFsm                                 text52       0041B8
_I2C_MasterGetRxData                           text73       004A7C
_I2C_MasterIsNack                              text70       004966
_I2C_MasterOpen                                text47       0048CC
_I2C_MasterOperation                           text49       004552
_I2C_MasterSendAck                             text72       004A5C
_I2C_MasterSendNack                            text74       004A62
_I2C_MasterSendTxData                          text71       004A54
_I2C_MasterSetIrq                              text69       004A78
_I2C_MasterStart                               text88       004A94
_I2C_MasterStartRx                             text75       004A80
_I2C_MasterStop                                text86       004A8C
_I2C_MasterWaitForEvent                        text51       00497A
_I2C_MasterWrite                               text48       004A14
_I2C_Open                                      text46       003F4A
_I2C_Poller                                    text50       0048EE
_I2C_Read1ByteRegister                         text44       004144
_I2C_SetAddressNackCallback                    text45       00490C
_I2C_SetBuffer                                 text85       0048A8
_I2C_SetCallback                               text84       004054
_I2C_SetDataCompleteCallback                   text83       004924
_I2C_Status                                    bssBANK1     000100
_I2C_Write1ByteRegister                        text43       004228
_INTCON2bits                                   (abs)        000FF1
_INTCONbits                                    (abs)        000FF2
_INTERRUPT_Initialize                          text35       004A74
_INTERRUPT_InterruptManager                    intcode      000008
_LATA                                          (abs)        000F89
_LATB                                          (abs)        000F8A
_LATC                                          (abs)        000F8B
_LATD                                          (abs)        000F8C
_LATE                                          (abs)        000F8D
_OSCCON                                        (abs)        000FD3
_OSCILLATOR_Initialize                         text34       0049D8
_OSCTUNE                                       (abs)        000F9B
_PIE1bits                                      (abs)        000F9D
_PIN_MANAGER_Initialize                        text33       0046F6
_PIR1bits                                      (abs)        000F9E
_PIR2bits                                      (abs)        000FA1
_RCONbits                                      (abs)        000FD0
_RCREG                                         (abs)        000FAE
_RCSTA                                         (abs)        000FAB
_RCSTAbits                                     (abs)        000FAB
_SPBRG                                         (abs)        000FAF
_SPBRGH                                        (abs)        000FB0
_SSPADD                                        (abs)        000FC8
_SSPBUF                                        (abs)        000FC9
_SSPCON1                                       (abs)        000FC6
_SSPCON1bits                                   (abs)        000FC6
_SSPCON2                                       (abs)        000FC5
_SSPCON2bits                                   (abs)        000FC5
_SSPSTAT                                       (abs)        000FC7
_SSPSTATbits                                   (abs)        000FC7
_SYSTEM_Initialize                             text32       00493C
_TRISA                                         (abs)        000F92
_TRISB                                         (abs)        000F93
_TRISC                                         (abs)        000F94
_TRISD                                         (abs)        000F95
_TRISE                                         (abs)        000F96
_TXREG                                         (abs)        000FAD
_TXSTA                                         (abs)        000FAC
_TXSTAbits                                     (abs)        000FAC
_WPUB                                          (abs)        000F7C
__HRAM                                         (abs)        000000
__Habs1                                        abs1         000000
__Hbank0                                       bank0        000000
__Hbank1                                       bank1        000000
__Hbank10                                      bank10       000000
__Hbank11                                      bank11       000000
__Hbank12                                      bank12       000000
__Hbank13                                      bank13       000000
__Hbank14                                      bank14       000000
__Hbank15                                      bank15       000000
__Hbank2                                       bank2        000000
__Hbank3                                       bank3        000000
__Hbank4                                       bank4        000000
__Hbank5                                       bank5        000000
__Hbank6                                       bank6        000000
__Hbank7                                       bank7        000000
__Hbank8                                       bank8        000000
__Hbank9                                       bank9        000000
__Hbigbss                                      bigbss       000000
__Hbigdata                                     bigdata      000000
__Hbigram                                      bigram       000000
__Hbss                                         bss          000000
__HbssBANK0                                    bssBANK0     000000
__HbssBANK1                                    bssBANK1     000000
__HbssCOMRAM                                   bssCOMRAM    000000
__Hcinit                                       cinit        000000
__Hclrtext                                     clrtext      000000
__Hcomram                                      comram       000000
__Hconfig                                      config       30000E
__Hconst                                       const        000000
__HcstackBANK0                                 cstackBANK0  000000
__HcstackBANK1                                 cstackBANK1  000000
__HcstackCOMRAM                                cstackCOMRAM 000000
__Hdata                                        data         000000
__Heeprom_data                                 eeprom_data  000000
__Hfarbss                                      farbss       000000
__Hfardata                                     fardata      000000
__Hibigdata                                    ibigdata     000000
__Hidata                                       idata        000000
__Hidloc                                       idloc        200008
__Hifardata                                    ifardata     000000
__Hinit                                        init         0000B4
__Hintcode                                     intcode      0000B0
__Hintcode_body                                intcode_body 000000
__Hintcodelo                                   intcodelo    0000B0
__Hintentry                                    intentry     000000
__Hintret                                      intret       000000
__Hintsave_regs                                intsave_regs 000000
__Hirdata                                      irdata       000000
__Hmediumconst                                 mediumconst  000000
__HnvBANK0                                     nvBANK0      000000
__HnvBANK1                                     nvBANK1      000000
__HnvFARRAM                                    nvFARRAM     000000
__Hnvbit                                       nvbit        000000
__Hnvrram                                      nvrram       000000
__Hparam                                       rparam       000000
__Hpowerup                                     powerup      0000B0
__Hram                                         ram          000000
__Hramtop                                      ramtop       001000
__Hrbit                                        rbit         000000
__Hrbss                                        rbss         000000
__Hrdata                                       rdata        000000
__Hreset_vec                                   reset_vec    000004
__Hrparam                                      rparam       000000
__Hsfr                                         sfr          000000
__Hsmallconst                                  smallconst   00104C
__Hspace_0                                     (abs)        004AA6
__Hspace_1                                     (abs)        00018F
__Hspace_2                                     (abs)        000000
__Hspace_4                                     (abs)        60000E
__Hstack                                       stack        000000
__Hstruct                                      struct       000000
__Htemp                                        temp         00005C
__Htext                                        text         000000
__Htext0                                       text0        000000
__Htext1                                       text1        000000
__Htext10                                      text10       000000
__Htext100                                     text100      000000
__Htext11                                      text11       000000
__Htext12                                      text12       000000
__Htext13                                      text13       000000
__Htext14                                      text14       000000
__Htext15                                      text15       000000
__Htext16                                      text16       000000
__Htext17                                      text17       000000
__Htext18                                      text18       000000
__Htext19                                      text19       000000
__Htext2                                       text2        000000
__Htext20                                      text20       000000
__Htext21                                      text21       000000
__Htext22                                      text22       000000
__Htext23                                      text23       000000
__Htext24                                      text24       000000
__Htext25                                      text25       000000
__Htext26                                      text26       000000
__Htext27                                      text27       000000
__Htext28                                      text28       000000
__Htext29                                      text29       000000
__Htext3                                       text3        000000
__Htext30                                      text30       000000
__Htext31                                      text31       000000
__Htext32                                      text32       000000
__Htext33                                      text33       000000
__Htext34                                      text34       000000
__Htext35                                      text35       000000
__Htext36                                      text36       000000
__Htext37                                      text37       000000
__Htext38                                      text38       000000
__Htext39                                      text39       000000
__Htext4                                       text4        000000
__Htext40                                      text40       000000
__Htext41                                      text41       000000
__Htext42                                      text42       000000
__Htext43                                      text43       000000
__Htext44                                      text44       000000
__Htext45                                      text45       000000
__Htext46                                      text46       000000
__Htext47                                      text47       000000
__Htext48                                      text48       000000
__Htext49                                      text49       000000
__Htext5                                       text5        000000
__Htext50                                      text50       000000
__Htext51                                      text51       000000
__Htext52                                      text52       000000
__Htext53                                      text53       000000
__Htext54                                      text54       000000
__Htext55                                      text55       000000
__Htext56                                      text56       000000
__Htext57                                      text57       000000
__Htext58                                      text58       000000
__Htext59                                      text59       000000
__Htext6                                       text6        000000
__Htext60                                      text60       000000
__Htext61                                      text61       000000
__Htext62                                      text62       000000
__Htext63                                      text63       000000
__Htext64                                      text64       000000
__Htext65                                      text65       000000
__Htext66                                      text66       000000
__Htext67                                      text67       000000
__Htext68                                      text68       000000
__Htext69                                      text69       000000
__Htext7                                       text7        000000
__Htext70                                      text70       000000
__Htext71                                      text71       000000
__Htext72                                      text72       000000
__Htext73                                      text73       000000
__Htext74                                      text74       000000
__Htext75                                      text75       000000
__Htext76                                      text76       000000
__Htext77                                      text77       000000
__Htext78                                      text78       000000
__Htext79                                      text79       000000
__Htext8                                       text8        000000
__Htext80                                      text80       000000
__Htext81                                      text81       000000
__Htext82                                      text82       000000
__Htext83                                      text83       000000
__Htext84                                      text84       000000
__Htext85                                      text85       000000
__Htext86                                      text86       000000
__Htext87                                      text87       000000
__Htext88                                      text88       000000
__Htext89                                      text89       000000
__Htext9                                       text9        000000
__Htext90                                      text90       000000
__Htext91                                      text91       000000
__Htext92                                      text92       000000
__Htext94                                      text94       000000
__Htext95                                      text95       000000
__Htext96                                      text96       000000
__Htext97                                      text97       000000
__Htext98                                      text98       000000
__Htext99                                      text99       000000
__LRAM                                         (abs)        000001
__Labs1                                        abs1         000000
__Lbank0                                       bank0        000000
__Lbank1                                       bank1        000000
__Lbank10                                      bank10       000000
__Lbank11                                      bank11       000000
__Lbank12                                      bank12       000000
__Lbank13                                      bank13       000000
__Lbank14                                      bank14       000000
__Lbank15                                      bank15       000000
__Lbank2                                       bank2        000000
__Lbank3                                       bank3        000000
__Lbank4                                       bank4        000000
__Lbank5                                       bank5        000000
__Lbank6                                       bank6        000000
__Lbank7                                       bank7        000000
__Lbank8                                       bank8        000000
__Lbank9                                       bank9        000000
__Lbigbss                                      bigbss       000000
__Lbigdata                                     bigdata      000000
__Lbigram                                      bigram       000000
__Lbss                                         bss          000000
__LbssBANK0                                    bssBANK0     000000
__LbssBANK1                                    bssBANK1     000000
__LbssCOMRAM                                   bssCOMRAM    000000
__Lcinit                                       cinit        000000
__Lclrtext                                     clrtext      000000
__Lcomram                                      comram       000000
__Lconfig                                      config       000000
__Lconst                                       const        000000
__LcstackBANK0                                 cstackBANK0  000000
__LcstackBANK1                                 cstackBANK1  000000
__LcstackCOMRAM                                cstackCOMRAM 000000
__Ldata                                        data         000000
__Leeprom_data                                 eeprom_data  000000
__Lfarbss                                      farbss       000000
__Lfardata                                     fardata      000000
__Libigdata                                    ibigdata     000000
__Lidata                                       idata        000000
__Lidloc                                       idloc        000000
__Lifardata                                    ifardata     000000
__Linit                                        init         0000B0
__Lintcode                                     intcode      000008
__Lintcode_body                                intcode_body 000000
__Lintcodelo                                   intcodelo    0000B0
__Lintentry                                    intentry     000000
__Lintret                                      intret       000000
__Lintsave_regs                                intsave_regs 000000
__Lirdata                                      irdata       000000
__Lmediumconst                                 mediumconst  000000
__LnvBANK0                                     nvBANK0      000000
__LnvBANK1                                     nvBANK1      000000
__LnvFARRAM                                    nvFARRAM     000000
__Lnvbit                                       nvbit        000000
__Lnvrram                                      nvrram       000000
__Lparam                                       rparam       000000
__Lpowerup                                     powerup      0000B0
__Lram                                         ram          000000
__Lramtop                                      ramtop       001000
__Lrbit                                        rbit         000000
__Lrbss                                        rbss         000000
__Lrdata                                       rdata        000000
__Lreset_vec                                   reset_vec    000000
__Lrparam                                      rparam       000000
__Lsfr                                         sfr          000000
__Lsmallconst                                  smallconst   001000
__Lspace_0                                     (abs)        000000
__Lspace_1                                     (abs)        000000
__Lspace_2                                     (abs)        000000
__Lspace_4                                     (abs)        000000
__Lstack                                       stack        000000
__Lstruct                                      struct       000000
__Ltemp                                        temp         00005B
__Ltext                                        text         000000
__Ltext0                                       text0        000000
__Ltext1                                       text1        000000
__Ltext10                                      text10       000000
__Ltext100                                     text100      000000
__Ltext11                                      text11       000000
__Ltext12                                      text12       000000
__Ltext13                                      text13       000000
__Ltext14                                      text14       000000
__Ltext15                                      text15       000000
__Ltext16                                      text16       000000
__Ltext17                                      text17       000000
__Ltext18                                      text18       000000
__Ltext19                                      text19       000000
__Ltext2                                       text2        000000
__Ltext20                                      text20       000000
__Ltext21                                      text21       000000
__Ltext22                                      text22       000000
__Ltext23                                      text23       000000
__Ltext24                                      text24       000000
__Ltext25                                      text25       000000
__Ltext26                                      text26       000000
__Ltext27                                      text27       000000
__Ltext28                                      text28       000000
__Ltext29                                      text29       000000
__Ltext3                                       text3        000000
__Ltext30                                      text30       000000
__Ltext31                                      text31       000000
__Ltext32                                      text32       000000
__Ltext33                                      text33       000000
__Ltext34                                      text34       000000
__Ltext35                                      text35       000000
__Ltext36                                      text36       000000
__Ltext37                                      text37       000000
__Ltext38                                      text38       000000
__Ltext39                                      text39       000000
__Ltext4                                       text4        000000
__Ltext40                                      text40       000000
__Ltext41                                      text41       000000
__Ltext42                                      text42       000000
__Ltext43                                      text43       000000
__Ltext44                                      text44       000000
__Ltext45                                      text45       000000
__Ltext46                                      text46       000000
__Ltext47                                      text47       000000
__Ltext48                                      text48       000000
__Ltext49                                      text49       000000
__Ltext5                                       text5        000000
__Ltext50                                      text50       000000
__Ltext51                                      text51       000000
__Ltext52                                      text52       000000
__Ltext53                                      text53       000000
__Ltext54                                      text54       000000
__Ltext55                                      text55       000000
__Ltext56                                      text56       000000
__Ltext57                                      text57       000000
__Ltext58                                      text58       000000
__Ltext59                                      text59       000000
__Ltext6                                       text6        000000
__Ltext60                                      text60       000000
__Ltext61                                      text61       000000
__Ltext62                                      text62       000000
__Ltext63                                      text63       000000
__Ltext64                                      text64       000000
__Ltext65                                      text65       000000
__Ltext66                                      text66       000000
__Ltext67                                      text67       000000
__Ltext68                                      text68       000000
__Ltext69                                      text69       000000
__Ltext7                                       text7        000000
__Ltext70                                      text70       000000
__Ltext71                                      text71       000000
__Ltext72                                      text72       000000
__Ltext73                                      text73       000000
__Ltext74                                      text74       000000
__Ltext75                                      text75       000000
__Ltext76                                      text76       000000
__Ltext77                                      text77       000000
__Ltext78                                      text78       000000
__Ltext79                                      text79       000000
__Ltext8                                       text8        000000
__Ltext80                                      text80       000000
__Ltext81                                      text81       000000
__Ltext82                                      text82       000000
__Ltext83                                      text83       000000
__Ltext84                                      text84       000000
__Ltext85                                      text85       000000
__Ltext86                                      text86       000000
__Ltext87                                      text87       000000
__Ltext88                                      text88       000000
__Ltext89                                      text89       000000
__Ltext9                                       text9        000000
__Ltext90                                      text90       000000
__Ltext91                                      text91       000000
__Ltext92                                      text92       000000
__Ltext94                                      text94       000000
__Ltext95                                      text95       000000
__Ltext96                                      text96       000000
__Ltext97                                      text97       000000
__Ltext98                                      text98       000000
__Ltext99                                      text99       000000
__S0                                           (abs)        004AA6
__S1                                           (abs)        00018F
__S2                                           (abs)        000000
__S4                                           (abs)        000000
__S5                                           (abs)        000000
___awdiv                                       text26       0039AA
___awdiv@counter                               cstackCOMRAM 000009
___awdiv@dividend                              cstackCOMRAM 000005
___awdiv@divisor                               cstackCOMRAM 000007
___awdiv@quotient                              cstackCOMRAM 00000B
___awdiv@sign                                  cstackCOMRAM 00000A
___awmod                                       text25       003CB4
___awmod@counter                               cstackCOMRAM 000009
___awmod@dividend                              cstackCOMRAM 000005
___awmod@divisor                               cstackCOMRAM 000007
___awmod@sign                                  cstackCOMRAM 00000A
___fladd                                       text19       0021F8
___fladd@a                                     cstackCOMRAM 000009
___fladd@aexp                                  cstackCOMRAM 000012
___fladd@b                                     cstackCOMRAM 000005
___fladd@bexp                                  cstackCOMRAM 000013
___fladd@grs                                   cstackCOMRAM 000014
___fladd@signs                                 cstackCOMRAM 000011
___fldiv                                       text24       002AE2
___fldiv@a                                     cstackCOMRAM 000017
___fldiv@aexp                                  cstackCOMRAM 00002B
___fldiv@b                                     cstackCOMRAM 000013
___fldiv@bexp                                  cstackCOMRAM 00002A
___fldiv@grs                                   cstackCOMRAM 000026
___fldiv@new_exp                               cstackCOMRAM 000024
___fldiv@rem                                   cstackCOMRAM 00001F
___fldiv@sign                                  cstackCOMRAM 000023
___fleq                                        text23       003D64
___fleq@ff1                                    cstackCOMRAM 000005
___fleq@ff2                                    cstackCOMRAM 000009
___flge                                        text22       0036CC
___flge@ff1                                    cstackCOMRAM 00001E
___flge@ff2                                    cstackCOMRAM 000022
___flmul                                       text21       0026B8
___flmul@a                                     cstackCOMRAM 000009
___flmul@aexp                                  cstackCOMRAM 000012
___flmul@b                                     cstackCOMRAM 000005
___flmul@bexp                                  cstackCOMRAM 000017
___flmul@grs                                   cstackCOMRAM 000013
___flmul@prod                                  cstackCOMRAM 000018
___flmul@sign                                  cstackCOMRAM 000011
___flmul@temp                                  cstackCOMRAM 00001C
___flneg                                       text20       004650
___flneg@f1                                    cstackCOMRAM 000005
___flsub                                       text18       0044C8
___flsub@a                                     cstackCOMRAM 000022
___flsub@b                                     cstackCOMRAM 00001E
___fltol                                       text17       0035C6
___fltol@exp1                                  cstackCOMRAM 00000E
___fltol@f1                                    cstackCOMRAM 000005
___fltol@sign1                                 cstackCOMRAM 00000D
___fpclassifyf                                 text16       0037D0
___fpclassifyf@F463                            bssBANK0     0000E2
___fpclassifyf@e                               cstackCOMRAM 00000D
___fpclassifyf@u                               cstackCOMRAM 00000F
___fpclassifyf@x                               cstackCOMRAM 000005
___inthi_sp                                    stack        000000
___intlo_sp                                    stack        000000
___param_bank                                  (abs)        000000
___rparam_used                                 (abs)        000001
___sp                                          stack        000000
___wmul                                        text30       004882
___wmul@multiplicand                           cstackCOMRAM 000007
___wmul@multiplier                             cstackCOMRAM 000005
___wmul@product                                cstackCOMRAM 000009
___xxtofl                                      text31       003278
___xxtofl@arg                                  cstackCOMRAM 00000F
___xxtofl@exp                                  cstackCOMRAM 00000E
___xxtofl@sign                                 cstackCOMRAM 00000D
___xxtofl@val                                  cstackCOMRAM 000005
__accesstop                                    (abs)        000060
__activetblptr                                 (abs)        000003
__end_of_EUSART_DefaultErrorHandler            text98       004A74
__end_of_EUSART_DefaultFramingErrorHandler     text97       004AA6
__end_of_EUSART_DefaultOverrunErrorHandler     text96       004A6E
__end_of_EUSART_Initialize                     text37       004144
__end_of_EUSART_Receive_ISR                    text95       003CB4
__end_of_EUSART_RxDataHandler                  text99       00485A
__end_of_EUSART_SetErrorHandler                text42       004A14
__end_of_EUSART_SetFramingErrorHandler         text41       004A0A
__end_of_EUSART_SetOverrunErrorHandler         text40       004A00
__end_of_EUSART_SetRxInterruptHandler          text39       0049F6
__end_of_EUSART_SetTxInterruptHandler          text38       0049EC
__end_of_EUSART_Transmit_ISR                   text94       0045D8
__end_of_EUSART_Write                          text14       004476
__end_of_I2C_CallbackReturnReset               text76       004A88
__end_of_I2C_CallbackReturnStop                text77       004A8C
__end_of_I2C_Close                             text89       004830
__end_of_I2C_DO_ADDRESS_NACK                   text53       0042FC
__end_of_I2C_DO_IDLE                           text67       0049CE
__end_of_I2C_DO_RCEN                           text62       0049C2
__end_of_I2C_DO_RESET                          text54       0049B6
__end_of_I2C_DO_RX                             text63       003EB4
__end_of_I2C_DO_RX_ACK                         text57       004A34
__end_of_I2C_DO_RX_NACK_RESTART                text55       004A24
__end_of_I2C_DO_RX_NACK_STOP                   text56       004A2C
__end_of_I2C_DO_SEND_ADR_READ                  text66       0049AA
__end_of_I2C_DO_SEND_ADR_WRITE                 text65       00499A
__end_of_I2C_DO_SEND_RESTART                   text59       004A44
__end_of_I2C_DO_SEND_RESTART_READ              text61       004A54
__end_of_I2C_DO_SEND_RESTART_WRITE             text60       004A4C
__end_of_I2C_DO_SEND_STOP                      text58       004A3C
__end_of_I2C_DO_TX                             text64       003B32
__end_of_I2C_DO_TX_EMPTY                       text68       004054
__end_of_I2C_Initialize                        text36       004966
__end_of_I2C_MasterClearIrq                    text92       004AA4
__end_of_I2C_MasterClose                       text91       004AA0
__end_of_I2C_MasterDisableIrq                  text90       004A9C
__end_of_I2C_MasterEnableRestart               text87       004A94
__end_of_I2C_MasterFsm                         text52       004228
__end_of_I2C_MasterGetRxData                   text73       004A80
__end_of_I2C_MasterIsNack                      text70       00497A
__end_of_I2C_MasterOpen                        text47       0048EE
__end_of_I2C_MasterOperation                   text49       004596
__end_of_I2C_MasterSendAck                     text72       004A62
__end_of_I2C_MasterSendNack                    text74       004A68
__end_of_I2C_MasterSendTxData                  text71       004A5C
__end_of_I2C_MasterSetIrq                      text69       004A7C
__end_of_I2C_MasterStart                       text88       004A98
__end_of_I2C_MasterStartRx                     text75       004A84
__end_of_I2C_MasterStop                        text86       004A90
__end_of_I2C_MasterWaitForEvent                text51       00498A
__end_of_I2C_MasterWrite                       text48       004A1C
__end_of_I2C_Open                              text46       003FD8
__end_of_I2C_Poller                            text50       00490C
__end_of_I2C_Read1ByteRegister                 text44       0041B8
__end_of_I2C_SetAddressNackCallback            text45       004924
__end_of_I2C_SetBuffer                         text85       0048CC
__end_of_I2C_SetCallback                       text84       0040CE
__end_of_I2C_SetDataCompleteCallback           text83       00493C
__end_of_I2C_Write1ByteRegister                text43       004296
__end_of_INTERRUPT_Initialize                  text35       004A78
__end_of_INTERRUPT_InterruptManager            intcode      0000B0
__end_of_OSCILLATOR_Initialize                 text34       0049E2
__end_of_PIN_MANAGER_Initialize                text33       004726
__end_of_SYSTEM_Initialize                     text32       004952
__end_of___awdiv                               text26       003A6E
__end_of___awmod                               text25       003D64
__end_of___fladd                               text19       0026B8
__end_of___fldiv                               text24       002E7C
__end_of___fleq                                text23       003E0E
__end_of___flge                                text22       0037D0
__end_of___flmul                               text21       002AE2
__end_of___flneg                               text20       004688
__end_of___flsub                               text18       00450E
__end_of___fltol                               text17       0036CC
__end_of___fpclassifyf                         text16       0038CE
__end_of___wmul                                text30       0048A8
__end_of___xxtofl                              text31       00342C
__end_of__initialization                       cinit        00474A
__end_of_atoi                                  text27       0035C6
__end_of_efgtoa                                text5        001C4C
__end_of_floorf                                text15       00308E
__end_of_fputc                                 text12       003F4A
__end_of_fputs                                 text11       004552
__end_of_fsmStateTable                         smallconst   001021
__end_of_isdigit                               text29       0046C0
__end_of_isspace                               text28       0044C8
__end_of_isupper                               text7        004650
__end_of_main                                  text0        003278
__end_of_pad                                   text9        003BF4
__end_of_printf                                text1        004882
__end_of_putch                                 text13       0049D8
__end_of_rd1RegCompleteHandler                 text81       0047D8
__end_of_rd2RegCompleteHandler                 text80       0047AC
__end_of_rdBlkRegCompleteHandler               text78       004618
__end_of_strcpy                                text8        00441E
__end_of_strlen                                text10       0046F6
__end_of_strncmp                               text4        0039AA
__end_of_tolower                               text6        0043C0
__end_of_vfpfcnvrt                             text3        0021F8
__end_of_vfprintf                              text2        004360
__end_of_wr1RegCompleteHandler                 text79       004780
__end_of_wr2RegCompleteHandler                 text82       004804
__initialization                               cinit        004726
__mediumconst                                  mediumconst  000000
__pbssBANK0                                    bssBANK0     0000C6
__pbssBANK1                                    bssBANK1     000100
__pbssCOMRAM                                   bssCOMRAM    000054
__pcinit                                       cinit        004726
__pcstackBANK0                                 cstackBANK0  000060
__pcstackBANK1                                 cstackBANK1  000174
__pcstackCOMRAM                                cstackCOMRAM 000001
__pintcode                                     intcode      000008
__pnvBANK0                                     nvBANK0      0000ED
__pnvBANK1                                     nvBANK1      000187
__psmallconst                                  smallconst   001000
__ptext0                                       text0        00308E
__ptext1                                       text1        00485A
__ptext10                                      text10       0046C0
__ptext100                                     text100      000000
__ptext11                                      text11       00450E
__ptext12                                      text12       003EB4
__ptext13                                      text13       0049CE
__ptext14                                      text14       00441E
__ptext15                                      text15       002E7C
__ptext16                                      text16       0037D0
__ptext17                                      text17       0035C6
__ptext18                                      text18       0044C8
__ptext19                                      text19       0021F8
__ptext2                                       text2        0042FC
__ptext20                                      text20       004650
__ptext21                                      text21       0026B8
__ptext22                                      text22       0036CC
__ptext23                                      text23       003D64
__ptext24                                      text24       002AE2
__ptext25                                      text25       003CB4
__ptext26                                      text26       0039AA
__ptext27                                      text27       00342C
__ptext28                                      text28       004476
__ptext29                                      text29       004688
__ptext3                                       text3        001C4C
__ptext30                                      text30       004882
__ptext31                                      text31       003278
__ptext32                                      text32       00493C
__ptext33                                      text33       0046F6
__ptext34                                      text34       0049D8
__ptext35                                      text35       004A74
__ptext36                                      text36       004952
__ptext37                                      text37       0040CE
__ptext38                                      text38       0049E2
__ptext39                                      text39       0049EC
__ptext4                                       text4        0038CE
__ptext40                                      text40       0049F6
__ptext41                                      text41       004A00
__ptext42                                      text42       004A0A
__ptext43                                      text43       004228
__ptext44                                      text44       004144
__ptext45                                      text45       00490C
__ptext46                                      text46       003F4A
__ptext47                                      text47       0048CC
__ptext48                                      text48       004A14
__ptext49                                      text49       004552
__ptext5                                       text5        00104C
__ptext50                                      text50       0048EE
__ptext51                                      text51       00497A
__ptext52                                      text52       0041B8
__ptext53                                      text53       004296
__ptext54                                      text54       0049AA
__ptext55                                      text55       004A1C
__ptext56                                      text56       004A24
__ptext57                                      text57       004A2C
__ptext58                                      text58       004A34
__ptext59                                      text59       004A3C
__ptext6                                       text6        004360
__ptext60                                      text60       004A44
__ptext61                                      text61       004A4C
__ptext62                                      text62       0049B6
__ptext63                                      text63       003E0E
__ptext64                                      text64       003A6E
__ptext65                                      text65       00498A
__ptext66                                      text66       00499A
__ptext67                                      text67       0049C2
__ptext68                                      text68       003FD8
__ptext69                                      text69       004A78
__ptext7                                       text7        004618
__ptext70                                      text70       004966
__ptext71                                      text71       004A54
__ptext72                                      text72       004A5C
__ptext73                                      text73       004A7C
__ptext74                                      text74       004A62
__ptext75                                      text75       004A80
__ptext76                                      text76       004A84
__ptext77                                      text77       004A88
__ptext78                                      text78       0045D8
__ptext79                                      text79       004754
__ptext8                                       text8        0043C0
__ptext80                                      text80       004780
__ptext81                                      text81       0047AC
__ptext82                                      text82       0047D8
__ptext83                                      text83       004924
__ptext84                                      text84       004054
__ptext85                                      text85       0048A8
__ptext86                                      text86       004A8C
[...]
      Params:         0       0       0       0       0       0       0       0       0       0       0       0       0       0       0       0       0
      Locals:         0       0       0       0       0       0       0       0       0       0       0       0       0       0       0       0       0
      Temps:          4       0       0       0       0       0       0       0       0       0       0       0       0       0       0       0       0
      Totals:         4       0       0       0       0       0       0       0       0       0       0       0       0       0       0       0       0
Total ram usage:        4 bytes
 Hardware stack levels used:    1
 Hardware stack levels required when called:    3
 This function calls:
		Absolute function
		_EUSART_Receive_ISR
		_EUSART_Transmit_ISR
 This function is called by:
		Interrupt level 2
 This function uses a non-reentrant model


 *************** function _EUSART_Transmit_ISR *****************
 Defined at:
		line 206 in file "mcc_generated_files/eusart.c"
 Parameters:    Size  Location     Type
		None
 Auto vars:     Size  Location     Type
		None
 Return value:  Size  Location     Type
                  1    wreg      void 
 Registers used:
		wreg, fsr2l, fsr2h, status,2, status,0
 Tracked objects:
		On entry : 
		On exit  : 
		Unchanged: 
 Data sizes:     COMRAM   BANK0   BANK1   BANK2   BANK3   BANK4   BANK5   BANK6   BANK7   BANK8   BANK9  BANK10  BANK11  BANK12  BANK13  BANK14  BANK15
      Params:         0       0       0       0       0       0       0       0       0       0       0       0       0       0       0       0       0
      Locals:         0       0       0       0       0       0       0       0       0       0       0       0       0       0       0       0       0
      Temps:          0       0       0       0       0       0       0       0       0       0       0       0       0       0       0       0       0
      Totals:         0       0       0       0       0       0       0       0       0       0       0       0       0       0       0       0       0
Total ram usage:        0 bytes
 Hardware stack levels used:    1
 This function calls:
		Nothing
 This function is called by:
		_EUSART_Initialize
		_INTERRUPT_InterruptManager
 This function uses a non-reentrant model


 *************** function _EUSART_Receive_ISR *****************
 Defined at:
		line 225 in file "mcc_generated_files/eusart.c"
 Parameters:    Size  Location     Type
		None
 Auto vars:     Size  Location     Type
		None
 Return value:  Size  Location     Type
                  1    wreg      void 
 Registers used:
		wreg, fsr2l, fsr2h, status,2, status,0, pclath, tosl, cstack
 Tracked objects:
		On entry : 
		On exit  : 
		Unchanged: 
 Data sizes:     COMRAM   BANK0   BANK1   BANK2   BANK3   BANK4   BANK5   BANK6   BANK7   BANK8   BANK9  BANK10  BANK11  BANK12  BANK13  BANK14  BANK15
      Params:         0       0       0       0       0       0       0       0       0       0       0       0       0       0       0       0       0
      Locals:         0       0       0       0       0       0       0       0       0       0       0       0       0       0       0       0       0
      Temps:          0       0       0       0       0       0       0       0       0       0       0       0       0       0       0       0       0
      Totals:         0       0       0       0       0       0       0       0       0       0       0       0       0       0       0       0       0
Total ram usage:        0 bytes
 Hardware stack levels used:    1
 Hardware stack levels required when called:    2
 This function calls:
		Absolute function
		_EUSART_DefaultErrorHandler
		_EUSART_DefaultFramingErrorHandler
		_EUSART_DefaultOverrunErrorHandler
		_EUSART_RxDataHandler
 This function is called by:
		_EUSART_Initialize
		_INTERRUPT_InterruptManager
 This function uses a non-reentrant model


 *************** function _EUSART_DefaultOverrunErrorHandler *****************
 Defined at:
		line 261 in file "mcc_generated_files/eusart.c"
 Parameters:    Size  Location     Type
		None
 Auto vars:     Size  Location     Type
		None
 Return value:  Size  Location     Type
                  1    wreg      void 
 Registers used:
		None
 Tracked objects:
		On entry : 
		On exit  : 
		Unchanged: 
 Data sizes:     COMRAM   BANK0   BANK1   BANK2   BANK3   BANK4   BANK5   BANK6   BANK7   BANK8   BANK9  BANK10  BANK11  BANK12  BANK13  BANK14  BANK15
      Params:         0       0       0       0       0       0       0       0       0       0       0       0       0       0       0       0       0
      Locals:         0       0       0       0       0       0       0       0       0       0       0       0       0       0       0       0       0
      Temps:          0       0       0       0       0       0       0       0       0       0       0       0       0       0       0       0       0
      Totals:         0       0       0       0       0       0       0       0       0       0       0       0       0       0       0       0       0
Total ram usage:        0 bytes
 Hardware stack levels used:    1
 This function calls:
		Nothing
 This function is called by:
		_EUSART_Initialize
		_EUSART_Receive_ISR
 This function uses a non-reentrant model


 *************** function _EUSART_DefaultFramingErrorHandler *****************
 Defined at:
		line 259 in file "mcc_generated_files/eusart.c"
 Parameters:    Size  Location     Type
		None
 Auto vars:     Size  Location     Type
		None
 Return value:  Size  Location     Type
                  1    wreg      void 
 Registers used:
		None
 Tracked objects:
		On entry : 
		On exit  : 
		Unchanged: 
 Data sizes:     COMRAM   BANK0   BANK1   BANK2   BANK3   BANK4   BANK5   BANK6   BANK7   BANK8   BANK9  BANK10  BANK11  BANK12  BANK13  BANK14  BANK15
      Params:         0       0       0       0       0       0       0       0       0       0       0       0       0       0       0       0       0
      Locals:         0       0       0       0       0       0       0       0       0       0       0       0       0       0       0       0       0
      Temps:          0       0       0       0       0       0       0       0       0       0       0       0       0       0       0       0       0
      Totals:         0       0       0       0       0       0       0       0       0       0       0       0       0       0       0       0       0
Total ram usage:        0 bytes
 Hardware stack levels used:    1
 This function calls:
		Nothing
 This function is called by:
		_EUSART_Initialize
		_EUSART_Receive_ISR
 This function uses a non-reentrant model


 *************** function _EUSART_DefaultErrorHandler *****************
 Defined at:
		line 269 in file "mcc_generated_files/eusart.c"
 Parameters:    Size  Location     Type
		None
 Auto vars:     Size  Location     Type
		None
 Return value:  Size  Location     Type
                  1    wreg      void 
 Registers used:
		wreg, fsr2l, fsr2h, status,2, status,0, cstack
 Tracked objects:
		On entry : 
		On exit  : 
		Unchanged: 
 Data sizes:     COMRAM   BANK0   BANK1   BANK2   BANK3   BANK4   BANK5   BANK6   BANK7   BANK8   BANK9  BANK10  BANK11  BANK12  BANK13  BANK14  BANK15
      Params:         0       0       0       0       0       0       0       0       0       0       0       0       0       0       0       0       0
      Locals:         0       0       0       0       0       0       0       0       0       0       0       0       0       0       0       0       0
      Temps:          0       0       0       0       0       0       0       0       0       0       0       0       0       0       0       0       0
      Totals:         0       0       0       0       0       0       0       0       0       0       0       0       0       0       0       0       0
Total ram usage:        0 bytes
 Hardware stack levels used:    1
 Hardware stack levels required when called:    1
 This function calls:
		_EUSART_RxDataHandler
 This function is called by:
		_EUSART_Initialize
		_EUSART_Receive_ISR
 This function uses a non-reentrant model


 *************** function _EUSART_RxDataHandler *****************
 Defined at:
		line 249 in file "mcc_generated_files/eusart.c"
 Parameters:    Size  Location     Type
		None
 Auto vars:     Size  Location     Type
		None
 Return value:  Size  Location     Type
                  1    wreg      void 
 Registers used:
		wreg, fsr2l, fsr2h, status,2, status,0
 Tracked objects:
		On entry : 
		On exit  : 
		Unchanged: 
 Data sizes:     COMRAM   BANK0   BANK1   BANK2   BANK3   BANK4   BANK5   BANK6   BANK7   BANK8   BANK9  BANK10  BANK11  BANK12  BANK13  BANK14  BANK15
      Params:         0       0       0       0       0       0       0       0       0       0       0       0       0       0       0       0       0
      Locals:         0       0       0       0       0       0       0       0       0       0       0       0       0       0       0       0       0
      Temps:          0       0       0       0       0       0       0       0       0       0       0       0       0       0       0       0       0
      Totals:         0       0       0       0       0       0       0       0       0       0       0       0       0       0       0       0       0
Total ram usage:        0 bytes
 Hardware stack levels used:    1
 This function calls:
		Nothing
 This function is called by:
		_EUSART_Receive_ISR
		_EUSART_DefaultErrorHandler
 This function uses a non-reentrant model



MODULE INFORMATION

Module		Function		Class		Link	Load	Size
C:\Program Files\Microchip\xc8\v2.20\pic\sources\c99\common\nf_fputc.c
		_fputc         		CODE           	3EB4	0000	151

C:\Program Files\Microchip\xc8\v2.20\pic\sources\c99\common\nf_fputc.c estimated size: 151

C:\Program Files\Microchip\xc8\v2.20\pic\sources\c99\common\isdigit.c
		_isdigit       		CODE           	4688	0000	57

C:\Program Files\Microchip\xc8\v2.20\pic\sources\c99\common\isdigit.c estimated size: 57

C:\Program Files\Microchip\xc8\v2.20\pic\sources\c99\common\sprcadd.c
		___flsub       		CODE           	44C8	0000	71
		___fladd       		CODE           	21F8	0000	1217

C:\Program Files\Microchip\xc8\v2.20\pic\sources\c99\common\sprcadd.c estimated size: 1288

C:\Program Files\Microchip\xc8\v2.20\pic\sources\c99\common\doprnt.c
		_vfpfcnvrt     		CODE           	1C4C	0000	1453
		_efgtoa        		CODE           	104C	0000	3073
		_pad           		CODE           	3B32	0000	195
		_vfprintf      		CODE           	42FC	0000	101

C:\Program Files\Microchip\xc8\v2.20\pic\sources\c99\common\doprnt.c estimated size: 4822

mcc_generated_files/interrupt_manager.c
		_INTERRUPT_Initialize		CODE           	4A74	0000	5
		_INTERRUPT_InterruptManager		CODE           	0008	0000	169

mcc_generated_files/interrupt_manager.c estimated size: 174

C:\Program Files\Microchip\xc8\v2.20\pic\sources\c99\common\flneg.c
		___flneg       		CODE           	4650	0000	57

C:\Program Files\Microchip\xc8\v2.20\pic\sources\c99\common\flneg.c estimated size: 57

mcc_generated_files/examples/i2c_master_example.c
		_wr1RegCompleteHandler		CODE           	4754	0000	45
		_wr2RegCompleteHandler		CODE           	47D8	0000	45
		_I2C_Write1ByteRegister		CODE           	4228	0000	111
		_I2C_Read1ByteRegister		CODE           	4144	0000	117
		_rdBlkRegCompleteHandler		CODE           	45D8	0000	65
		_rd1RegCompleteHandler		CODE           	47AC	0000	45
		_rd2RegCompleteHandler		CODE           	4780	0000	45

mcc_generated_files/examples/i2c_master_example.c estimated size: 473

C:\Program Files\Microchip\xc8\v2.20\pic\sources\c99\common\Umul16.c
		___wmul        		CODE           	4882	0000	39

C:\Program Files\Microchip\xc8\v2.20\pic\sources\c99\common\Umul16.c estimated size: 39

mcc_generated_files/pin_manager.c
		_PIN_MANAGER_Initialize		CODE           	46F6	0000	49

mcc_generated_files/pin_manager.c estimated size: 49

C:\Program Files\Microchip\xc8\v2.20\pic\sources\c99\common\flge.c
		___flge        		CODE           	36CC	0000	261

C:\Program Files\Microchip\xc8\v2.20\pic\sources\c99\common\flge.c estimated size: 261

C:\Program Files\Microchip\xc8\v2.20\pic\sources\c99\common\awmod.c
		___awmod       		CODE           	3CB4	0000	177

C:\Program Files\Microchip\xc8\v2.20\pic\sources\c99\common\awmod.c estimated size: 177

C:\Program Files\Microchip\xc8\v2.20\pic\sources\c99\common\nf_fputs.c
		_fputs         		CODE           	450E	0000	69

C:\Program Files\Microchip\xc8\v2.20\pic\sources\c99\common\nf_fputs.c estimated size: 69

C:\Program Files\Microchip\xc8\v2.20\pic\sources\c99\common\isupper.c
		_isupper       		CODE           	4618	0000	57

C:\Program Files\Microchip\xc8\v2.20\pic\sources\c99\common\isupper.c estimated size: 57

shared
		__initialization		CODE           	4726	0000	37
		_fsmStateTable 		SMALLCONST     	1001	0000	33

shared estimated size: 70

mcc_generated_files/mcc.c
		_OSCILLATOR_Initialize		CODE           	49D8	0000	11
		_SYSTEM_Initialize		CODE           	493C	0000	23

mcc_generated_files/mcc.c estimated size: 34

C:\Program Files\Microchip\xc8\v2.20\pic\sources\c99\common\isspace.c
		_isspace       		CODE           	4476	0000	83

C:\Program Files\Microchip\xc8\v2.20\pic\sources\c99\common\isspace.c estimated size: 83

C:\Program Files\Microchip\xc8\v2.20\pic\sources\c99\common\printf.c
		_printf        		CODE           	485A	0000	41

C:\Program Files\Microchip\xc8\v2.20\pic\sources\c99\common\printf.c estimated size: 41

C:\Program Files\Microchip\xc8\v2.20\pic\sources\c99\common\strlen.c
		_strlen        		CODE           	46C0	0000	55

C:\Program Files\Microchip\xc8\v2.20\pic\sources\c99\common\strlen.c estimated size: 55

C:\Program Files\Microchip\xc8\v2.20\pic\sources\c99\common\strncmp.c
		_strncmp       		CODE           	38CE	0000	221

C:\Program Files\Microchip\xc8\v2.20\pic\sources\c99\common\strncmp.c estimated size: 221

C:\Program Files\Microchip\xc8\v2.20\pic\sources\c99\common\tolower.c
		_tolower       		CODE           	4360	0000	97

C:\Program Files\Microchip\xc8\v2.20\pic\sources\c99\common\tolower.c estimated size: 97

C:\Program Files\Microchip\xc8\v2.20\pic\sources\c99\common\floorf.c
		_floorf        		CODE           	2E7C	0000	531

C:\Program Files\Microchip\xc8\v2.20\pic\sources\c99\common\floorf.c estimated size: 531

C:\Program Files\Microchip\xc8\v2.20\pic\sources\c99\common\sprcmul.c
		___flmul       		CODE           	26B8	0000	1067

C:\Program Files\Microchip\xc8\v2.20\pic\sources\c99\common\sprcmul.c estimated size: 1067

C:\Program Files\Microchip\xc8\v2.20\pic\sources\c99\common\strcpy.c
		_strcpy        		CODE           	43C0	0000	95

C:\Program Files\Microchip\xc8\v2.20\pic\sources\c99\common\strcpy.c estimated size: 95

mcc_generated_files/i2c_master.c
		_I2C_Close     		CODE           	4804	0000	45
		_I2C_MasterStartRx		CODE           	4A80	0000	5
		_I2C_DO_SEND_ADR_WRITE		CODE           	498A	0000	17
		_I2C_MasterWaitForEvent		CODE           	497A	0000	17
		_I2C_DO_SEND_STOP		CODE           	4A34	0000	9
		_I2C_MasterSendNack		CODE           	4A62	0000	7
		_I2C_MasterDisableIrq		CODE           	4A98	0000	5
		_I2C_CallbackReturnStop		CODE           	4A88	0000	5
		_I2C_MasterOperation		CODE           	4552	0000	69
		_I2C_DO_SEND_ADR_READ		CODE           	499A	0000	17
		_I2C_DO_RX_NACK_STOP		CODE           	4A24	0000	9
		_I2C_DO_SEND_RESTART		CODE           	4A3C	0000	9
		_I2C_DO_RX     		CODE           	3E0E	0000	167
		_I2C_DO_TX     		CODE           	3A6E	0000	197
		_I2C_DO_IDLE   		CODE           	49C2	0000	13
		_I2C_DO_RCEN   		CODE           	49B6	0000	13
		_I2C_Poller    		CODE           	48EE	0000	31
		_I2C_DO_RESET  		CODE           	49AA	0000	13
		_I2C_MasterClose		CODE           	4A9C	0000	5
		_I2C_MasterWrite		CODE           	4A14	0000	9
		_I2C_DO_RX_ACK 		CODE           	4A2C	0000	9
		_I2C_MasterStart		CODE           	4A94	0000	5
		_I2C_MasterClearIrq		CODE           	4AA0	0000	5
		_I2C_MasterGetRxData		CODE           	4A7C	0000	5
		_I2C_SetCallback		CODE           	4054	0000	123
		_I2C_DO_ADDRESS_NACK		CODE           	4296	0000	103
		_I2C_MasterEnableRestart		CODE           	4A90	0000	5
		_I2C_CallbackReturnReset		CODE           	4A84	0000	5
		_I2C_Open      		CODE           	3F4A	0000	143
		_I2C_SetAddressNackCallback		CODE           	490C	0000	25
		_I2C_DO_TX_EMPTY		CODE           	3FD8	0000	125
		_I2C_DO_SEND_RESTART_WRITE		CODE           	4A44	0000	9
		_I2C_MasterIsNack		CODE           	4966	0000	21
		_I2C_SetDataCompleteCallback		CODE           	4924	0000	25
		_I2C_DO_RX_NACK_RESTART		CODE           	4A1C	0000	9
		_I2C_MasterSendAck		CODE           	4A5C	0000	7
		_I2C_MasterFsm 		CODE           	41B8	0000	113
		_I2C_MasterSetIrq		CODE           	4A78	0000	5
		_I2C_DO_SEND_RESTART_READ		CODE           	4A4C	0000	9
		_I2C_Initialize		CODE           	4952	0000	21
		_I2C_SetBuffer 		CODE           	48A8	0000	37
		_I2C_MasterOpen		CODE           	48CC	0000	35
		_I2C_MasterSendTxData		CODE           	4A54	0000	9
		_I2C_MasterStop		CODE           	4A8C	0000	5

mcc_generated_files/i2c_master.c estimated size: 1520

C:\Program Files\Microchip\xc8\v2.20\pic\sources\c99\common\sprcdiv.c
		___fldiv       		CODE           	2AE2	0000	923

C:\Program Files\Microchip\xc8\v2.20\pic\sources\c99\common\sprcdiv.c estimated size: 923

mcc_generated_files/eusart.c
		_EUSART_SetRxInterruptHandler		CODE           	49EC	0000	11
		_EUSART_SetTxInterruptHandler		CODE           	49E2	0000	11
		_putch         		CODE           	49CE	0000	11
		_EUSART_DefaultOverrunErrorHandler		CODE           	4A68	0000	7
		_EUSART_Write  		CODE           	441E	0000	89
		_EUSART_DefaultErrorHandler		CODE           	4A6E	0000	7
		_EUSART_Transmit_ISR		CODE           	4596	0000	67
		_EUSART_Initialize		CODE           	40CE	0000	119
		_EUSART_SetFramingErrorHandler		CODE           	4A00	0000	11
		_EUSART_SetErrorHandler		CODE           	4A0A	0000	11
		_EUSART_SetOverrunErrorHandler		CODE           	49F6	0000	11
		_EUSART_Receive_ISR		CODE           	3BF4	0000	193
		_EUSART_RxDataHandler		CODE           	4830	0000	43
		_EUSART_DefaultFramingErrorHandler		CODE           	4AA4	0000	3

mcc_generated_files/eusart.c estimated size: 594

C:\Program Files\Microchip\xc8\v2.20\pic\sources\c99\common\awdiv.c
		___awdiv       		CODE           	39AA	0000	197

C:\Program Files\Microchip\xc8\v2.20\pic\sources\c99\common\awdiv.c estimated size: 197

C:\Program Files\Microchip\xc8\v2.20\pic\sources\c99\common\atoi.c
		_atoi          		CODE           	342C	0000	411

C:\Program Files\Microchip\xc8\v2.20\pic\sources\c99\common\atoi.c estimated size: 411

C:\Program Files\Microchip\xc8\v2.20\pic\sources\c99\common\__fpclassifyf.c
		___fpclassifyf 		CODE           	37D0	0000	255

C:\Program Files\Microchip\xc8\v2.20\pic\sources\c99\common\__fpclassifyf.c estimated size: 255

C:\Program Files\Microchip\xc8\v2.20\pic\sources\c99\common\fltol.c
		___fltol       		CODE           	35C6	0000	263

C:\Program Files\Microchip\xc8\v2.20\pic\sources\c99\common\fltol.c estimated size: 263

C:\Program Files\Microchip\xc8\v2.20\pic\sources\c99\common\fleq.c
		___fleq        		CODE           	3D64	0000	171

C:\Program Files\Microchip\xc8\v2.20\pic\sources\c99\common\fleq.c estimated size: 171

main.c
		_main          		CODE           	308E	0000	491

main.c estimated size: 491

C:\Program Files\Microchip\xc8\v2.20\pic\sources\c99\common\xxtofl.c
		___xxtofl      		CODE           	3278	0000	437

C:\Program Files\Microchip\xc8\v2.20\pic\sources\c99\common\xxtofl.c estimated size: 437

